---
source: src/lib.rs
expression: config_toml
input_file: test_data/elastic
snapshot_kind: text
---
editor.insert-final-newline = true
