---
source: src/lib.rs
expression: config_toml
input_file: test_data/tab_width
snapshot_kind: text
---

