---
source: src/lib.rs
expression: config_toml
input_file: test_data/react
snapshot_kind: text
---
editor.default-line-ending = "lf"
editor.insert-final-newline = true
editor.text-width = 80
