---
source: src/lib.rs
expression: config_toml
input_file: test_data/trim_trailing_whitespace
snapshot_kind: text
---

