---
source: src/lib.rs
expression: config_toml
input_file: test_data/unset
snapshot_kind: text
---

