---
source: src/lib.rs
expression: languages_toml
input_file: test_data/qemu
snapshot_kind: text
---
[[language]]
name = "bash"
indent = { unit = "    ", tab-width = 4 }

[[language]]
name = "c"
indent = { unit = "    ", tab-width = 4 }

[[language]]
name = "cpp"
indent = { unit = "    ", tab-width = 4 }

[[language]]
name = "ec2hx-glob-lang-*.c.inc"
scope = "source.php"
file-types = [{ glob = "*.c.inc" }]
shebangs = ["php"]
roots = ["composer.json", "index.php"]
comment-token = "//"
language-servers = [ "intelephense" ]
indent = { unit = "    ", tab-width = 4 }
grammar = "php"

[[language]]
name = "ec2hx-glob-lang-*.h.inc"
scope = "source.php"
file-types = [{ glob = "*.h.inc" }]
shebangs = ["php"]
roots = ["composer.json", "index.php"]
comment-token = "//"
language-servers = [ "intelephense" ]
indent = { unit = "    ", tab-width = 4 }
grammar = "php"

[[language]]
name = "ec2hx-unknown-lang-Makefile*"
scope = "text.plain"
file-types = [{ glob = "Makefile*" }]
indent = { unit = "\t", tab-width = 8 }

[[language]]
name = "gas"
indent = { unit = "\t", tab-width = 8 }

[[language]]
name = "json"
indent = { unit = "  ", tab-width = 2 }

[[language]]
name = "make"
indent = { unit = "\t", tab-width = 8 }

[[language]]
name = "nasm"
indent = { unit = "\t", tab-width = 8 }
