---
source: src/lib.rs
expression: languages_toml
input_file: test_data/cockroach
snapshot_kind: text
---

