---
source: src/lib.rs
expression: config_toml
input_file: test_data/sparse_indent_config
snapshot_kind: text
---

