---
source: src/lib.rs
expression: config_toml
input_file: test_data/typescript
snapshot_kind: text
---

